Found template with duplicate attribute and attribute binding 'class'